
> @tractor-store/source@0.0.0 build-storybook C:\Users\Juancho270\Desktop\tractor-store
> ng run ts-design-system:build-storybook "--output-dir=C:\\Users\\JUANCH~1\\AppData\\Local\\Temp\\chromatic--40268-6ROK1bqtztvt"


[90m┌[39m  Building Storybook
[90m│[39m
[32m◇[39m  Cleaning outputDir:
[90m│[39m  [36m../../../JUANCH~1/AppData/Local/Temp/chromatic--40268-6ROK1bqtztvt[39m
[90m│[39m
[32m◇[39m  Loading presets
[90m│[39m
[32m◇[39m  Building manager..
[90m│[39m
[34m●[39m  Building preview..
[90m│[39m
[34m●[39m  Using implicit CSS loaders
[90m│[39m
[34m●[39m  Using angular browser target options from "ts-design-system:build"
[90m│[39m
[34m●[39m  Using angular project with
[90m│[39m  "tsConfig:packages/ts-design-system/tsconfig.json"
[90m│[39m
[34m●[39m  Using default Webpack5 setup
[90m│[39m
[33m▲[39m  C:/Users/Juancho270/Desktop/tractor-store/packages/ts-design-system/.storybook/main.ts
[90m│[39m  is part of the TypeScript compilation but it's unused.
[90m│[39m  Add only entry points to the 'files' or 'include' properties in your
[90m│[39m  tsconfig.
[90m│[39m
[33m▲[39m  asset size limit: The following asset(s) exceed the recommended size
[90m│[39m  limit (244 KiB).
[90m│[39m  This can impact web performance.
[90m│[39m  Assets:
[90m│[39m  713.0cc7a967.iframe.bundle.js (1.98 MiB)
[90m│[39m
[33m▲[39m  entrypoint size limit: The following entrypoint(s) combined asset size
[90m│[39m  exceeds the recommended limit (244 KiB). This can impact web
[90m│[39m  performance.
[90m│[39m  Entrypoints:
[90m│[39m  main (1.99 MiB)
[90m│[39m  runtime~main.89f33536.iframe.bundle.js
[90m│[39m  713.0cc7a967.iframe.bundle.js
[90m│[39m  main.e6414d1e.iframe.bundle.js

[90m│[39m
[32m◇[39m  Output directory:
[90m│[39m  C:/Users/JUANCH~1/AppData/Local/Temp/chromatic--40268-6ROK1bqtztvt
[90m│[39m
[90m└[39m  Storybook build completed successfully

