[16:33:54.328] [INFO] storybook v10.3.6
[16:33:54.890] [DEBUG] Getting package.json info for C:/Users/Juancho270/Desktop/tractor-store/package.json...
[16:33:54.905] [ERROR] [38;2;241;97;97mSB_CORE-SERVER_0002 (CriticalPresetLoadError): Storybook failed to load the following preset: @storybook/angular/preset.

Please check whether your setup is correct, the Storybook dependencies (and their peer dependencies) are installed correctly and there are no package version clashes.

If you believe this is a bug, please open an issue on Github.

Error [ERR_MODULE_NOT_FOUND]: Cannot find package '@storybook/angular' imported from C:\Users\Juancho270\AppData\Local\pnpm-cache\dlx\40777e04af8dbea3ca9bad21b0ac31ddd7a8abca3be011b4c33b80105d3ba8d3\19e09717990-3d44\node_modules\.pnpm\storybook@10.3.6_@testing-l_b87904a96d8c9f10187f0a698d55a19f\node_modules\storybook\dist\_node-chunks\chunk-OWMIR4VJ.js
    at Object.getPackageJSONURL (node:internal/modules/package_json_reader:268:9)
    at packageResolve (node:internal/modules/esm/resolve:768:81)
    at moduleResolve (node:internal/modules/esm/resolve:854:18)
    at defaultResolve (node:internal/modules/esm/resolve:984:11)
    at nextResolve (node:internal/modules/esm/hooks:748:28)
    at Hooks.resolve (node:internal/modules/esm/hooks:240:30)
    at MessagePort.handleMessage (node:internal/modules/esm/worker:199:24)
    at [nodejs.internal.kHybridDispatch] (node:internal/event_target:827:20)
    at MessagePort.<anonymous> (node:internal/per_context/messageport:23:28)

More info: 
[39m
    at loadPreset (file:///C:/Users/Juancho270/AppData/Local/pnpm-cache/dlx/40777e04af8dbea3ca9bad21b0ac31ddd7a8abca3be011b4c33b80105d3ba8d3/19e09717990-3d44/node_modules/.pnpm/storybook@10.3.6_@testing-l_b87904a96d8c9f10187f0a698d55a19f/node_modules/storybook/dist/_node-chunks/chunk-H4PWFMMO.js:10081:13)
    at async Promise.all (index 0)
    at async loadPresets (file:///C:/Users/Juancho270/AppData/Local/pnpm-cache/dlx/40777e04af8dbea3ca9bad21b0ac31ddd7a8abca3be011b4c33b80105d3ba8d3/19e09717990-3d44/node_modules/.pnpm/storybook@10.3.6_@testing-l_b87904a96d8c9f10187f0a698d55a19f/node_modules/storybook/dist/_node-chunks/chunk-H4PWFMMO.js:10090:73)
    at async getPresets (file:///C:/Users/Juancho270/AppData/Local/pnpm-cache/dlx/40777e04af8dbea3ca9bad21b0ac31ddd7a8abca3be011b4c33b80105d3ba8d3/19e09717990-3d44/node_modules/.pnpm/storybook@10.3.6_@testing-l_b87904a96d8c9f10187f0a698d55a19f/node_modules/storybook/dist/_node-chunks/chunk-H4PWFMMO.js:10121:23)
    at async buildDevStandalone (file:///C:/Users/Juancho270/AppData/Local/pnpm-cache/dlx/40777e04af8dbea3ca9bad21b0ac31ddd7a8abca3be011b4c33b80105d3ba8d3/19e09717990-3d44/node_modules/.pnpm/storybook@10.3.6_@testing-l_b87904a96d8c9f10187f0a698d55a19f/node_modules/storybook/dist/core-server/index.js:7967:52)
    at async withTelemetry (file:///C:/Users/Juancho270/AppData/Local/pnpm-cache/dlx/40777e04af8dbea3ca9bad21b0ac31ddd7a8abca3be011b4c33b80105d3ba8d3/19e09717990-3d44/node_modules/.pnpm/storybook@10.3.6_@testing-l_b87904a96d8c9f10187f0a698d55a19f/node_modules/storybook/dist/_node-chunks/chunk-UYONHJJP.js:225:12)
    at async dev (file:///C:/Users/Juancho270/AppData/Local/pnpm-cache/dlx/40777e04af8dbea3ca9bad21b0ac31ddd7a8abca3be011b4c33b80105d3ba8d3/19e09717990-3d44/node_modules/.pnpm/storybook@10.3.6_@testing-l_b87904a96d8c9f10187f0a698d55a19f/node_modules/storybook/dist/bin/core.js:2736:3)
    at async _Command.<anonymous> (file:///C:/Users/Juancho270/AppData/Local/pnpm-cache/dlx/40777e04af8dbea3ca9bad21b0ac31ddd7a8abca3be011b4c33b80105d3ba8d3/19e09717990-3d44/node_modules/.pnpm/storybook@10.3.6_@testing-l_b87904a96d8c9f10187f0a698d55a19f/node_modules/storybook/dist/bin/core.js:2806:92)
[16:33:54.916] [WARN] Broken build, fix the error above.
You may need to refresh the browser.